2025-01-12 14:51:00 | WARN | repo=pv243-a4m36jee-2016-cdi-seminar | action=commit
2025-01-07 11:42:00 | DEBUG | repo=pv243-a4m36jee-2016-cdi-seminar | action=commit
2025-10-02 09:02:00 | INFO | repo=pv243-a4m36jee-2016-cdi-seminar | action=edit | files=2
2025-06-26 20:34:00 | INFO | repo=pv243-a4m36jee-2016-cdi-seminar | action=commit
2025-07-13 12:59:00 | DEBUG | repo=pv243-a4m36jee-2016-cdi-seminar | action=commit
2025-08-16 10:31:00 | DEBUG | repo=pv243-a4m36jee-2016-cdi-seminar | action=commit
2025-10-02 09:23:00 | INFO | repo=pv243-a4m36jee-2016-cdi-seminar | action=commit
2025-04-08 11:56:00 | WARN | repo=pv243-a4m36jee-2016-cdi-seminar | action=commit
2025-07-20 17:11:00 | INFO | repo=pv243-a4m36jee-2016-cdi-seminar | action=commit
2025-06-14 17:59:00 | DEBUG | repo=pv243-a4m36jee-2016-cdi-seminar | action=edit | files=5
2025-06-22 07:59:00 | INFO | repo=pv243-a4m36jee-2016-cdi-seminar | action=pull
2025-02-08 16:24:00 | WARN | repo=pv243-a4m36jee-2016-cdi-seminar | action=commit
2025-07-04 09:22:00 | DEBUG | repo=pv243-a4m36jee-2016-cdi-seminar | action=edit | files=5
2025-07-21 20:56:00 | INFO | repo=pv243-a4m36jee-2016-cdi-seminar | action=commit
2025-03-26 08:17:00 | DEBUG | repo=pv243-a4m36jee-2016-cdi-seminar | action=test | passed=true
2025-02-21 10:55:00 | DEBUG | repo=pv243-a4m36jee-2016-cdi-seminar | action=commit
2025-09-12 09:57:00 | INFO | repo=pv243-a4m36jee-2016-cdi-seminar | action=test | passed=true
2025-09-17 13:46:00 | DEBUG | repo=pv243-a4m36jee-2016-cdi-seminar | action=commit
2025-10-22 09:44:00 | WARN | repo=pv243-a4m36jee-2016-cdi-seminar | action=commit
2025-12-24 16:38:00 | DEBUG | repo=pv243-a4m36jee-2016-cdi-seminar | action=commit
2025-10-25 11:04:00 | INFO | repo=pv243-a4m36jee-2016-cdi-seminar | action=edit | files=5
2025-08-01 20:14:00 | WARN | repo=pv243-a4m36jee-2016-cdi-seminar | action=commit
2025-11-18 09:11:00 | WARN | repo=pv243-a4m36jee-2016-cdi-seminar | action=commit
2025-01-09 16:11:00 | WARN | repo=pv243-a4m36jee-2016-cdi-seminar | action=test | passed=true
2025-04-21 21:25:00 | WARN | repo=pv243-a4m36jee-2016-cdi-seminar | action=test | passed=true
2025-10-09 14:16:00 | WARN | repo=pv243-a4m36jee-2016-cdi-seminar | action=edit | files=2
2025-06-26 13:12:00 | WARN | repo=pv243-a4m36jee-2016-cdi-seminar | action=commit
2025-03-25 15:22:00 | DEBUG | repo=pv243-a4m36jee-2016-cdi-seminar | action=commit
